[INFO] Scanning for projects...
[INFO] 
[INFO] -------------< com.inventory:inventory-management-system >--------------
[INFO] Building inventory-management-system 0.0.1-SNAPSHOT
[INFO]   from pom.xml
[INFO] --------------------------------[ jar ]---------------------------------
[INFO] 
[INFO] --- clean:3.2.0:clean (default-clean) @ inventory-management-system ---
[INFO] Deleting C:\Users\HP\Desktop\internship\inventory-management-system\backend\target
[INFO] 
[INFO] --- resources:3.3.1:resources (default-resources) @ inventory-management-system ---
[INFO] Copying 1 resource from src\main\resources to target\classes
[INFO] Copying 0 resource from src\main\resources to target\classes
[INFO] 
[INFO] --- compiler:3.11.0:compile (default-compile) @ inventory-management-system ---
[WARNING] The POM for org.projectlombok:lombok:jar:0.0.1-SNAPSHOT is missing, no dependency information available
[INFO] ------------------------------------------------------------------------
[INFO] BUILD FAILURE
[INFO] ------------------------------------------------------------------------
[INFO] Total time:  1.707 s
[INFO] Finished at: 2026-06-23T12:44:14+05:30
[INFO] ------------------------------------------------------------------------
[ERROR] Failed to execute goal org.apache.maven.plugins:maven-compiler-plugin:3.11.0:compile (default-compile) on project inventory-management-system: Resolution of annotationProcessorPath dependencies failed: The following artifacts could not be resolved: org.projectlombok:lombok:jar:0.0.1-SNAPSHOT (absent): Could not find artifact org.projectlombok:lombok:jar:0.0.1-SNAPSHOT -> [Help 1]
[ERROR] 
[ERROR] To see the full stack trace of the errors, re-run Maven with the -e switch.
[ERROR] Re-run Maven using the -X switch to enable full debug logging.
[ERROR] 
[ERROR] For more information about the errors and possible solutions, please read the following articles:
[ERROR] [Help 1] http://cwiki.apache.org/confluence/display/MAVEN/MojoExecutionException
